// Jest Snapshot v1, https://goo.gl/fbAQLP

exports[`renders 1`] = `
<DocumentFragment>
  <div
    class="app-container"
  >
    <span
      id="child"
    >
      Test
    </span>
  </div>
</DocumentFragment>
`;
